2 2 2 2 2 2 2 2 4 2 3 10 2 2 2 2 2 1 1
2 7 11 2 2 2 2 2 4 2 3 10 2 1 1 1
2 7 11 2 2 2 2 2 2 4 2 3 10
2 2 2 2 2 2 6 5 2 4 2 3 10 2 7 11
2 2 2 2 2 2 4 2 3 10 10 2 7 11 2 1 1
